// Vitest Snapshot v1, https://vitest.dev/guide/snapshot.html

exports[`matches snapshot 1`] = `
<div>
  <div
    class="Card"
  >
    <h4
      class="Card-title"
    >
      Hello
    </h4>
    <img
      alt="Hello"
      class="Card-image"
      src="hello"
    />
    <small
      class="Card-small"
    >
      Image 
      5
       of 
      10
      .
    </small>
  </div>
</div>
`;
